I'm sorry, but errors were detected in your script. Please correct the
errors listed below, and try again.


File "game/script.rpy", line 136: end of line expected.
    jump join:
             ^

File "game/script.rpy", line 138: end of line expected.
    jump eavesdrop:
                  ^

File "game/script.rpy", line 172: end of line expected.
    jump parlor_2:
                 ^

File "game/script.rpy", line 174: end of line expected.
    jump dining:
               ^

File "game/script.rpy", line 199: end of line expected.
    jump porch:
              ^

File "game/script.rpy", line 201: end of line expected.
    jump clara_1:
                ^

File "game/script.rpy", line 203: end of line expected.
    jump parlor_3:
                 ^

Ren'Py Version: Ren'Py 8.1.3.23091805
Mon Jul  8 01:48:07 2024
